// Jest Snapshot v1, https://goo.gl/fbAQLP

exports[`Header renders Header component 1`] = `
Object {
  "asFragment": [Function],
  "baseElement": <body>
    <div>
      <header
        class="header"
      >
        <nav
          class="navbar"
        >
          <div
            class="logo"
          >
            <img
              alt="logo"
              src="space-logo.png"
            />
            <h2>
              Space Travelers' Hub 
            </h2>
          </div>
          <ul
            class="nav-menu list"
          >
            <li
              class="nav-link"
            >
              <a
                aria-current="page"
                class="nav-link-active"
                href="/"
              >
                Rockets
              </a>
            </li>
            <li
              class="nav-link"
            >
              <a
                href="/missions"
              >
                Missions
              </a>
            </li>
            <li
              class="nav-link border-left"
            >
              <a
                href="/profile"
              >
                My Profile
              </a>
            </li>
          </ul>
        </nav>
      </header>
    </div>
  </body>,
  "container": <div>
    <header
      class="header"
    >
      <nav
        class="navbar"
      >
        <div
          class="logo"
        >
          <img
            alt="logo"
            src="space-logo.png"
          />
          <h2>
            Space Travelers' Hub 
          </h2>
        </div>
        <ul
          class="nav-menu list"
        >
          <li
            class="nav-link"
          >
            <a
              aria-current="page"
              class="nav-link-active"
              href="/"
            >
              Rockets
            </a>
          </li>
          <li
            class="nav-link"
          >
            <a
              href="/missions"
            >
              Missions
            </a>
          </li>
          <li
            class="nav-link border-left"
          >
            <a
              href="/profile"
            >
              My Profile
            </a>
          </li>
        </ul>
      </nav>
    </header>
  </div>,
  "debug": [Function],
  "findAllByAltText": [Function],
  "findAllByDisplayValue": [Function],
  "findAllByLabelText": [Function],
  "findAllByPlaceholderText": [Function],
  "findAllByRole": [Function],
  "findAllByTestId": [Function],
  "findAllByText": [Function],
  "findAllByTitle": [Function],
  "findByAltText": [Function],
  "findByDisplayValue": [Function],
  "findByLabelText": [Function],
  "findByPlaceholderText": [Function],
  "findByRole": [Function],
  "findByTestId": [Function],
  "findByText": [Function],
  "findByTitle": [Function],
  "getAllByAltText": [Function],
  "getAllByDisplayValue": [Function],
  "getAllByLabelText": [Function],
  "getAllByPlaceholderText": [Function],
  "getAllByRole": [Function],
  "getAllByTestId": [Function],
  "getAllByText": [Function],
  "getAllByTitle": [Function],
  "getByAltText": [Function],
  "getByDisplayValue": [Function],
  "getByLabelText": [Function],
  "getByPlaceholderText": [Function],
  "getByRole": [Function],
  "getByTestId": [Function],
  "getByText": [Function],
  "getByTitle": [Function],
  "queryAllByAltText": [Function],
  "queryAllByDisplayValue": [Function],
  "queryAllByLabelText": [Function],
  "queryAllByPlaceholderText": [Function],
  "queryAllByRole": [Function],
  "queryAllByTestId": [Function],
  "queryAllByText": [Function],
  "queryAllByTitle": [Function],
  "queryByAltText": [Function],
  "queryByDisplayValue": [Function],
  "queryByLabelText": [Function],
  "queryByPlaceholderText": [Function],
  "queryByRole": [Function],
  "queryByTestId": [Function],
  "queryByText": [Function],
  "queryByTitle": [Function],
  "rerender": [Function],
  "unmount": [Function],
}
`;
